// Jest Snapshot v1, https://goo.gl/fbAQLP

exports[`Search Artists snap shot tests shoud be a list of artists 1`] = `
<ul>
  <li
    key="1"
  >
    <div>
      artist 1
    </div>
  </li>
  <li
    key="2"
  >
    <div>
      artist 2
    </div>
  </li>
  <li
    key="3"
  >
    <div>
      artist 3
    </div>
  </li>
</ul>
`;
